// Jest Snapshot v1, https://goo.gl/fbAQLP

exports[`<Button /> snapshot should render Button component correctly 1`] = `ReactWrapper {}`;
