// Jest Snapshot v1, https://goo.gl/fbAQLP

exports[`<NativeCheckbox /> snapshot should render NativeCheckbox component correctly 1`] = `ReactWrapper {}`;
